<html>
<body>
<pre>
<h1>µVision Build Log</h1>
<h2>Tool Versions:</h2>
IDE-Version: ¦ÌVision V5.33.0.0
Copyright (C) 2020 ARM Ltd and ARM Germany GmbH. All rights reserved.
License Information: lol Faded, lol, LIC=65ISZ-JUCVH-EVV1R-KFAGJ-WXZR5-3QUTA
 
Tool Versions:
Toolchain:       MDK-ARM Plus  Version: 5.33.0.0
Toolchain Path:  D:\Application\Keil_v5\ARM\ARMCC\Bin
C Compiler:      Armcc.exe V5.06 update 7 (build 960)
Assembler:       Armasm.exe V5.06 update 7 (build 960)
Linker/Locator:  ArmLink.exe V5.06 update 7 (build 960)
Library Manager: ArmAr.exe V5.06 update 7 (build 960)
Hex Converter:   FromElf.exe V5.06 update 7 (build 960)
CPU DLL:         SARMCM3.DLL V5.33.0.0
Dialog DLL:      DCM.DLL V1.17.3.0
Target DLL:      STLink\ST-LINKIII-KEIL_SWO.dll V3.0.8.0
Dialog DLL:      TCM.DLL V1.48.0.0
 
<h2>Project:</h2>
D:\File\Robot_Project\FOC\My_Lite_Foc\firmware\F103_IQmath\MDK-ARM\F103-FOC.uvprojx
Project File Date:  04/17/2023

<h2>Output:</h2>
*** Using Compiler 'V5.06 update 7 (build 960)', folder: 'D:\Application\Keil_v5\ARM\ARMCC\Bin'
Build target 'F103-FOC'
compiling APPMain.c...
compiling SysManage.c...
compiling Motor1SPI1.c...
compiling Timer.c...
compiling Motor1GPIO.c...
compiling LedDriver.c...
compiling TouchDriver.c...
compiling Motor1TIM1Pwm.c...
compiling Motor1ADC1.c...
compiling MCUDriverMain.c...
compiling PerDriverMain.c...
compiling SDS.c...
compiling FocMath.c...
compiling FocSVPWM.c...
compiling CanBus.c...
compiling AngleCalibrationFunc.c...
compiling UartBus.c...
..\User\Function\UartBus.c(37): warning:  #550-D: variable "Tx_Data"  was set but never used
      static uint8_t Tx_Data[5];
..\User\Function\UartBus.c: 1 warning, 0 errors
compiling main.c...
compiling gpio.c...
compiling can.c...
compiling StartupMusic.c...
compiling FunctionMain.c...
compiling adc.c...
compiling AngleEncoder.c...
compiling FocControl.c...
assembling startup_stm32f103xb.s...
compiling dma.c...
compiling stm32f1xx_hal_msp.c...
compiling stm32f1xx_hal_gpio_ex.c...
compiling spi.c...
compiling tim.c...
compiling usart.c...
compiling stm32f1xx_hal.c...
compiling stm32f1xx_it.c...
compiling stm32f1xx_hal_adc_ex.c...
compiling stm32f1xx_hal_adc.c...
compiling stm32f1xx_hal_rcc.c...
compiling stm32f1xx_hal_rcc_ex.c...
compiling stm32f1xx_hal_flash.c...
compiling stm32f1xx_hal_exti.c...
compiling stm32f1xx_hal_gpio.c...
compiling stm32f1xx_hal_pwr.c...
compiling stm32f1xx_hal_cortex.c...
compiling stm32f1xx_hal_dma.c...
compiling stm32f1xx_hal_flash_ex.c...
compiling stm32f1xx_hal_can.c...
compiling stm32f1xx_hal_spi.c...
compiling BayesFunctions.c...
compiling stm32f1xx_hal_tim.c...
compiling ControllerFunctions.c...
compiling DistanceFunctions.c...
compiling ComplexMathFunctions.c...
compiling BasicMathFunctions.c...
compiling FastMathFunctions.c...
compiling SVMFunctions.c...
compiling MatrixFunctions.c...
compiling StatisticsFunctions.c...
compiling SupportFunctions.c...
compiling CommonTables.c...
compiling stm32f1xx_hal_tim_ex.c...
compiling stm32f1xx_hal_uart.c...
compiling system_stm32f1xx.c...
compiling TransformFunctions.c...
compiling FilteringFunctions.c...
linking...
Program Size: Code=25616 RO-data=468 RW-data=468 ZI-data=2420  
FromELF: creating hex file...
".\F103-FOC\F103-FOC.axf" - 0 Error(s), 1 Warning(s).

<h2>Software Packages used:</h2>

Package Vendor: ARM
                http://www.keil.com/pack/ARM.CMSIS.5.7.0.pack
                ARM.CMSIS.5.7.0
                CMSIS (Cortex Microcontroller Software Interface Standard)
   * Component: CORE Version: 5.4.0
   * Component: DSP Variant: Source Version: 1.8.0

Package Vendor: Keil
                http://www.keil.com/pack/Keil.STM32F1xx_DFP.2.4.0.pack
                Keil.STM32F1xx_DFP.2.4.0
                STMicroelectronics STM32F1 Series Device Support, Drivers and Examples

<h2>Collection of Component include folders:</h2>
  .\RTE\_F103-FOC
  D:\Application\Keil_v5\ARM\PACK\ARM\CMSIS\5.7.0\CMSIS\Core\Include
  D:\Application\Keil_v5\ARM\PACK\ARM\CMSIS\5.7.0\CMSIS\DSP\Include
  D:\Application\Keil_v5\ARM\PACK\ARM\CMSIS\5.7.0\CMSIS\DSP\PrivateInclude
  D:\Application\Keil_v5\ARM\PACK\Keil\STM32F1xx_DFP\2.4.0\Device\Include

<h2>Collection of Component Files used:</h2>

   * Component: ARM::CMSIS:CORE:5.4.0
      Include file:  CMSIS\Core\Include\tz_context.h

   * Component: ARM::CMSIS:DSP:Source:1.8.0
      Source file:   CMSIS\DSP\Source\BayesFunctions\BayesFunctions.c
      Include file:  CMSIS\DSP\Include\arm_math.h
      Source file:   CMSIS\DSP\Source\BasicMathFunctions\BasicMathFunctions.c
      Source file:   CMSIS\DSP\Source\FilteringFunctions\FilteringFunctions.c
      Source file:   CMSIS\DSP\Source\StatisticsFunctions\StatisticsFunctions.c
      Source file:   CMSIS\DSP\Source\TransformFunctions\TransformFunctions.c
      Source file:   CMSIS\DSP\Source\ControllerFunctions\ControllerFunctions.c
      Source file:   CMSIS\DSP\Source\CommonTables\CommonTables.c
      Source file:   CMSIS\DSP\Source\ComplexMathFunctions\ComplexMathFunctions.c
      Source file:   CMSIS\DSP\Source\DistanceFunctions\DistanceFunctions.c
      Source file:   CMSIS\DSP\Source\FastMathFunctions\FastMathFunctions.c
      Source file:   CMSIS\DSP\Source\SupportFunctions\SupportFunctions.c
      Source file:   CMSIS\DSP\Source\SVMFunctions\SVMFunctions.c
      Source file:   CMSIS\DSP\Source\MatrixFunctions\MatrixFunctions.c
Build Time Elapsed:  00:00:10
</pre>
</body>
</html>
